---
source: corrupted_clock/src/handle_subcommands.rs
expression: actual
---
Stopwatches
+------------------------------------------------------+----------------------------+-----------+-------------+-------------+
| Name                                                 | Created at                 | Is paused | Passed Time | Paused Time |
+------------------------------------------------------+----------------------------+-----------+-------------+-------------+
| Stopwatch on the first day                           | 2024-05-01 10:20:40 +02:00 | false     | 51:00:00    | 00:00:00    |
+------------------------------------------------------+----------------------------+-----------+-------------+-------------+
| Stopwatch on the second day and paused after one day | 2024-05-02 10:20:40 +02:00 | true      | 24:00:00    | 03:00:00    |
+------------------------------------------------------+----------------------------+-----------+-------------+-------------+

Countdowns
+------+------------+-----------+-------------+-------------+------------+-----------+
| Name | Created at | Is paused | Passed Time | Paused Time | Count down | Left Time |
+------+------------+-----------+-------------+-------------+------------+-----------+
