---
source: corrupted_clock/src/table_drawing.rs
expression: actual
---
[
    4,
    4,
]
