---
source: corrupted_clock/src/table_drawing.rs
expression: actual
---
[
    2,
]
